[www.tradingview.com/pine-script-reference/v5/index.html]
[backblue.gif]
[fade.gif]
[index.html]
[static.tradingview.com/static/bundles/92191.6563d97efc3339a1e518.css]
[static.tradingview.com/static/bundles/9817.5d0098bab0d2d4ea02e5.css]
[static.tradingview.com/static/bundles/53842.6a8a7842ee841f6d2cff.css]
[static.tradingview.com/static/bundles/4015.1d0e3a62a59d173c81f3.css]
[static.tradingview.com/static/bundles/32109.4d5de3fbde1cd7dc5e9f.css]
[static.tradingview.com/static/bundles/89842.2f8e5864b0d72a886373.css]
[static.tradingview.com/static/bundles/50293.721cbfb1a5d6784e3109.css]
[static.tradingview.com/static/bundles/92483.9f4d9f76923567bd1f04.css]
[static.tradingview.com/static/bundles/29928.2340749bac9f8333ad8e.css]
[static.tradingview.com/static/bundles/67103.c7183a76dc0599de9f42.css]
[static.tradingview.com/static/bundles/54690.7401048db4e1840d727b.css]
[static.tradingview.com/static/bundles/92349.e476ecbbeccd5be06d66.css]
[static.tradingview.com/static/bundles/3436.1b851bfadd8aa0d18462.css]
[static.tradingview.com/static/bundles/47341.fd14e313b4fe488bd967.css]
[static.tradingview.com/static/bundles/11647.333251cf7f52c9e9e356.css]
[static.tradingview.com/static/bundles/90814.2ffaced788ea2ddcae36.css]
[static.tradingview.com/static/bundles/63221.31cd72b4ba71afdc525c.css]
[static.tradingview.com/static/bundles/33371.65523bcfe58b60112724.css]
[static.tradingview.com/static/bundles/35103.dcc8db7fa3fba51df704.css]
[static.tradingview.com/static/bundles/48373.6605e1e2288a4636ee0c.css]
[static.tradingview.com/static/bundles/85719.f1b2ae2626174da1a72f.css]
[static.tradingview.com/static/bundles/33534.2fcf1a86162fea10ff0a.css]
[static.tradingview.com/static/bundles/35359.3107fae357e3a3172d7a.css]
[static.tradingview.com/static/bundles/runtime.17fa8d4351fac0fce19c.js]
[static.tradingview.com/static/bundles/en.18562.4a101b04041ac6bba4cf.js]
[static.tradingview.com/static/bundles/en.38970.eba960a7395a70bd6fb7.js]
[static.tradingview.com/static/bundles/en.33929.4a14c921ae4df616de1c.js]
[static.tradingview.com/static/bundles/en.23016.6708f9d4c92f922d6b36.js]
[static.tradingview.com/static/bundles/962.c105f327045268286f99.js]
[static.tradingview.com/static/bundles/23127.e1a5a557b0a07cfdd28e.js]
[static.tradingview.com/static/bundles/4600.2361944902cf1ff42ff0.js]
[static.tradingview.com/static/bundles/24951.26214624d376e53ea617.js]
[static.tradingview.com/static/bundles/61073.f7285a12e0043935a76b.js]
[static.tradingview.com/static/bundles/62540.efe7ce87c766e072b529.js]
[static.tradingview.com/static/bundles/36776.7f7b355f59c919b06cc6.js]
[static.tradingview.com/static/bundles/30128.d64122abce8a460b7335.js]
[static.tradingview.com/static/bundles/47991.0f40650b788aafce3a7c.js]
[static.tradingview.com/static/bundles/83912.aa3f25bb7559783cc9a5.js]
[static.tradingview.com/static/bundles/16442.1dc9c0a06fbe4d0ecd14.js]
[static.tradingview.com/static/bundles/77193.8fdfacaede2eaa8777e4.js]
[static.tradingview.com/static/bundles/9858.1f4361b11d6b9b981356.js]
[static.tradingview.com/static/bundles/95965.271c71c529682256a6f4.js]
[static.tradingview.com/static/bundles/96757.1b1fb83004dedda8c864.js]
[static.tradingview.com/static/bundles/15917.b47398269d7a98cbb3cc.js]
[static.tradingview.com/static/bundles/52076.f89d126e30d486e33dd6.js]
[static.tradingview.com/static/bundles/base.ff4eb6e221019c20991e.js]
[static.tradingview.com/static/bundles/en.40645.e25f78ee70882660d1ed.js]
[static.tradingview.com/static/bundles/95236.ef7ae3010494d60daaf4.js]
[static.tradingview.com/static/bundles/16064.4de44d9b2d2bc955d503.js]
[static.tradingview.com/static/bundles/88959.e999059edfc9bd29c485.js]
[static.tradingview.com/static/bundles/16509.e54bcf4e618d1f6a9510.js]
[static.tradingview.com/static/bundles/pine_script_reference.b9fdb8cf6604c5599d19.js]
[www.tradingview.com/pine-script-reference/v5/String(location]
[www.tradingview.com/pine-script-reference/v5/e]
[www.tradingview.com/pine-script-reference/v5/GET]
[www.tradingview.com/pine-script-reference/v5/tv-dstream.tradingview.com_8443]
[static.tradingview.com/static/images/favicon/apple-touch-icon-180x180.png]
[static.tradingview.com/static/bundles/20941.219acfdd7ca7d343ff8e.css]
[static.tradingview.com/static/bundles/60689.1f0b419225a289f71065.css]
[www.tradingview.com/pine-script-reference/v5/index.html]
[www.tradingview.com/pine-script-docs/en/v5/_static/documentation_options.js]
[www.tradingview.com/pine-script-docs/en/v5/_static/jquery.js]
[www.tradingview.com/pine-script-docs/en/v5/_static/underscore.js]
[www.tradingview.com/pine-script-docs/en/v5/_static/doctools.js]
[www.tradingview.com/pine-script-docs/en/v5/_static/language_data.js]
[static.tradingview.com/static/bundles/pine-highlighter-v01.js]
[www.tradingview.com/pine-script-docs/en/v5/_static/highlight-pine-code.js]
[www.tradingview.com/pine-script-docs/en/v5/_static/js/bootstrap.js]
[www.tradingview.com/pine-script-docs/en/v5/_static/js/theme.js]
[www.tradingview.com/pine-script-docs/en/v5/index.html]
[www.tradingview.com/pine-script-docs/en/v5/genindex.html]
[www.tradingview.com/pine-script-docs/en/v5/_images/Pine-script-logo.png]
[www.tradingview.com/pine-script-docs/en/v5/Introduction.html]
[www.tradingview.com/pine-script-docs/en/v5/primer/index.html]
[www.tradingview.com/pine-script-docs/en/v5/language/index.html]
[www.tradingview.com/pine-script-docs/en/v5/concepts/index.html]
[www.tradingview.com/pine-script-docs/en/v5/writing/index.html]
[www.tradingview.com/pine-script-docs/en/v5/_images/Faq-Buy_sell_chart1.png]
[www.tradingview.com/pine-script-docs/en/v5/_images/Faq-Buy_sell_chart2.png]
[www.tradingview.com/pine-script-docs/en/v5/_images/Faq-Wiki_howto_range_analysis.png]
[www.tradingview.com/pine-script-docs/en/v5/Faq.html]
[www.tradingview.com/pine-script-docs/en/v5/Error_messages.html]
[www.tradingview.com/pine-script-docs/en/v5/_images/ReleaseNotes-input_color.png]
[www.tradingview.com/pine-script-docs/en/v5/_images/ReleaseNotes-Mtf.png]
[www.tradingview.com/pine-script-docs/en/v5/_images/ReleaseNotes-Tooltip.png]
[www.tradingview.com/pine-script-docs/en/v5/_images/ReleaseNotes-new_label_styles.png]
[www.tradingview.com/pine-script-docs/en/v5/_images/ReleaseNotes-FindReplace.jpg]
[www.tradingview.com/pine-script-docs/en/v5/_images/ReleaseNotes-Label_text_align.png]
[www.tradingview.com/pine-script-docs/en/v5/_images/ReleaseNotes-Bears_in_plotchar.png]
[www.tradingview.com/pine-script-docs/en/v5/Release_notes.html]
[www.tradingview.com/pine-script-docs/en/v5/migration_guides/index.html]
[www.tradingview.com/pine-script-docs/en/v5/Where_can_I_get_more_information.html]
[www.tradingview.com/pine-script-docs/en/v5/_images/FirstSteps-LoadingScriptsFromTheChart-01.png]
[www.tradingview.com/pine-script-docs/en/v5/_images/FirstSteps-LoadingScriptsFromTheChart-02.png]
[www.tradingview.com/pine-script-docs/en/v5/_images/FirstSteps-BrowsingCommunityScripts-01.png]
[www.tradingview.com/pine-script-docs/en/v5/_images/FirstSteps-ChangingScriptSettings-01.png]
[www.tradingview.com/pine-script-docs/en/v5/_images/FirstSteps-ChangingScriptSettings-02.png]
[www.tradingview.com/pine-script-docs/en/v5/_images/FirstSteps-ReadingScripts-01.png]
[www.tradingview.com/pine-script-docs/en/v5/primer/First_steps.html]
[www.tradingview.com/pine-script-docs/en/v5/_images/FirstIndicator-Version1.png]
[www.tradingview.com/pine-script-docs/en/v5/_images/FirstIndicator-Version2.png]
[www.tradingview.com/pine-script-docs/en/v5/primer/First_indicator.html]
[www.tradingview.com/pine-script-docs/en/v5/primer/Next_steps.html]
[www.tradingview.com/pine-script-docs/en/v5/_images/execution_model_calculation_on_history.png]
[www.tradingview.com/pine-script-docs/en/v5/_images/Function_historical_context_1.png]
[www.tradingview.com/pine-script-docs/en/v5/_images/Function_historical_context_2.png]
[www.tradingview.com/pine-script-docs/en/v5/language/Execution_model.html]
[www.tradingview.com/pine-script-docs/en/v5/_images/Function_historical_context_3.png]
[www.tradingview.com/pine-script-docs/en/v5/language/Time_series.html]
[www.tradingview.com/pine-script-docs/en/v5/_images/ScriptStructure-CompilerAnnotations01.png]
[www.tradingview.com/pine-script-docs/en/v5/language/Script_structure.html]
[www.tradingview.com/pine-script-docs/en/v5/language/Identifiers.html]
[www.tradingview.com/pine-script-docs/en/v5/_images/Operators-ReassignmentOperator-1.png]
[www.tradingview.com/pine-script-docs/en/v5/language/Operators.html]
[www.tradingview.com/pine-script-docs/en/v5/_images/VariableDeclarations-GreenBarsCount.png]
[www.tradingview.com/pine-script-docs/en/v5/language/Variable_declarations.html]
[www.tradingview.com/pine-script-docs/en/v5/language/Conditional_structures.html]
[www.tradingview.com/pine-script-docs/en/v5/language/Loops.html]
[www.tradingview.com/pine-script-docs/en/v5/language/Type_system.html]
[www.tradingview.com/pine-script-docs/en/v5/_images/BuiltIns-BuiltInFunctions.png]
[www.tradingview.com/pine-script-docs/en/v5/language/Built-ins.html]
[www.tradingview.com/pine-script-docs/en/v5/language/User-defined_functions.html]
[www.tradingview.com/pine-script-docs/en/v5/_images/Arrays-ReadingAndWriting-DistanceFromHigh.png]
[www.tradingview.com/pine-script-docs/en/v5/_images/Arrays-Scope-Bands.png]
[www.tradingview.com/pine-script-docs/en/v5/_images/Arrays-History-referencing.png]
[www.tradingview.com/pine-script-docs/en/v5/_images/Arrays-InsertingAndRemovingArrayElements-Insert.png]
[www.tradingview.com/pine-script-docs/en/v5/_images/Arrays-InsertingAndRemovingArrayElements-LowsFromNewHighs.png]
[www.tradingview.com/pine-script-docs/en/v5/_images/Arrays-InsertingAndRemovingArrayElements-ShowLastnHighPivots.png]
[www.tradingview.com/pine-script-docs/en/v5/_images/Arrays-ManipulatingArrays-Concat.png]
[www.tradingview.com/pine-script-docs/en/v5/_images/Arrays-ManipulatingArrays-Copy.png]
[www.tradingview.com/pine-script-docs/en/v5/_images/Arrays-ManipulatingArrays-Sort.png]
[www.tradingview.com/pine-script-docs/en/v5/_images/Arrays-ManipulatingArrays-Slice.png]
[www.tradingview.com/pine-script-docs/en/v5/language/Arrays.html]
[www.tradingview.com/pine-script-docs/en/v5/_images/Objects-CollectingObjects-1.png]
[www.tradingview.com/pine-script-docs/en/v5/language/Objects.html]
[www.tradingview.com/pine-script-docs/en/v5/_images/Methods_custom_bb.png]
[www.tradingview.com/pine-script-docs/en/v5/_images/Methods_overloads_type_inspection.png]
[www.tradingview.com/pine-script-docs/en/v5/language/Methods.html]
[www.tradingview.com/pine-script-docs/en/v5/_images/Methods_empirical_distribution.png]
[www.tradingview.com/pine-script-docs/en/v5/concepts/Alerts.html]
[www.tradingview.com/pine-script-docs/en/v5/_images/Backgrounds-Sessions.png]
[www.tradingview.com/pine-script-docs/en/v5/_images/Backgrounds-CCI.png]
[www.tradingview.com/pine-script-docs/en/v5/concepts/Backgrounds.html]
[www.tradingview.com/pine-script-docs/en/v5/_images/BarColoring-1.png]
[www.tradingview.com/pine-script-docs/en/v5/concepts/Bar_coloring.html]
[www.tradingview.com/pine-script-docs/en/v5/_images/BarPlotting-Plotcandle-1.png]
[www.tradingview.com/pine-script-docs/en/v5/_images/BarPlotting-Plotcandle-2.png]
[www.tradingview.com/pine-script-docs/en/v5/_images/BarPlotting-Plotcandle-3.png]
[www.tradingview.com/pine-script-docs/en/v5/_images/BarPlotting-Plotcandle-4.png]
[www.tradingview.com/pine-script-docs/en/v5/_images/BarPlotting-Plotbar-1.png]
[www.tradingview.com/pine-script-docs/en/v5/concepts/Bar_plotting.html]
[www.tradingview.com/pine-script-docs/en/v5/_images/BarStates-Example-01.png]
[www.tradingview.com/pine-script-docs/en/v5/_images/BarStates-Example-02.png]
[www.tradingview.com/pine-script-docs/en/v5/_images/BarStates-Example-03.png]
[www.tradingview.com/pine-script-docs/en/v5/concepts/Bar_states.html]
[www.tradingview.com/pine-script-docs/en/v5/concepts/Chart_information.html]
[www.tradingview.com/pine-script-docs/en/v5/_images/Colors-UsingColors-1.png]
[www.tradingview.com/pine-script-docs/en/v5/_images/Colors-ConditionalColors-1.png]
[www.tradingview.com/pine-script-docs/en/v5/_images/Colors-ConditionalColors-2.png]
[www.tradingview.com/pine-script-docs/en/v5/_images/Colors-CalculatingColors-1.png]
[www.tradingview.com/pine-script-docs/en/v5/_images/Colors-CalculatingColors-2.png]
[www.tradingview.com/pine-script-docs/en/v5/_images/Colors-CalculatingColors-3.png]
[www.tradingview.com/pine-script-docs/en/v5/_images/Colors-CalculatingColors-4.png]
[www.tradingview.com/pine-script-docs/en/v5/_images/Colors-MixingTransparencies-1.png]
[www.tradingview.com/pine-script-docs/en/v5/_images/Colors-MixingTransparencies-2.png]
[www.tradingview.com/pine-script-docs/en/v5/_images/Colors-PlotCrispLines-1.png]
[www.tradingview.com/pine-script-docs/en/v5/_images/Colors-ColorsSelection-1.png]
[www.tradingview.com/pine-script-docs/en/v5/_images/Colors-ColorsSelection-2.png]
[www.tradingview.com/pine-script-docs/en/v5/_images/Colors-ColorsSelection-3.png]
[www.tradingview.com/pine-script-docs/en/v5/concepts/Colors.html]
[www.tradingview.com/pine-script-docs/en/v5/_images/Fills-Fill-1.png]
[www.tradingview.com/pine-script-docs/en/v5/_images/Fills-Fill-2.png]
[www.tradingview.com/pine-script-docs/en/v5/_images/Fills-Fill-3.png]
[www.tradingview.com/pine-script-docs/en/v5/_images/Fills-Linefill-01.png]
[www.tradingview.com/pine-script-docs/en/v5/concepts/Fills.html]
[www.tradingview.com/pine-script-docs/en/v5/_images/Inputs-Introduction-1.png]
[www.tradingview.com/pine-script-docs/en/v5/_images/Inputs-InputTypes-02.png]
[www.tradingview.com/pine-script-docs/en/v5/_images/Inputs-InputTypes-03.png]
[www.tradingview.com/pine-script-docs/en/v5/_images/Inputs-InputTypes-04.png]
[www.tradingview.com/pine-script-docs/en/v5/_images/Inputs-InputTypes-05.png]
[www.tradingview.com/pine-script-docs/en/v5/_images/Inputs-InputTypes-06.png]
[www.tradingview.com/pine-script-docs/en/v5/_images/Inputs-InputTypes-07.png]
[www.tradingview.com/pine-script-docs/en/v5/_images/Inputs-InputTypes-08.png]
[www.tradingview.com/pine-script-docs/en/v5/_images/Inputs-OtherFeaturesAffectingInputs-03.png]
[www.tradingview.com/pine-script-docs/en/v5/concepts/Inputs.html]
[www.tradingview.com/pine-script-docs/en/v5/_images/Inputs-Tips-1.png]
[www.tradingview.com/pine-script-docs/en/v5/_images/Levels-HlineLevels-01.png]
[www.tradingview.com/pine-script-docs/en/v5/_images/Levels-HlineLevels-02.png]
[www.tradingview.com/pine-script-docs/en/v5/_images/Levels-FillBetweenLevels-01.png]
[www.tradingview.com/pine-script-docs/en/v5/_images/Levels-FillBetweenLevels-02.png]
[www.tradingview.com/pine-script-docs/en/v5/concepts/Levels.html]
[www.tradingview.com/pine-script-docs/en/v5/_images/Libraries-CreatingALibrary-PublishWindow.png]
[www.tradingview.com/pine-script-docs/en/v5/concepts/Libraries.html]
[www.tradingview.com/pine-script-docs/en/v5/_images/Libraries-UsingALibrary-1.png]
[www.tradingview.com/pine-script-docs/en/v5/_images/LinesAndBoxes-Introduction-01.png]
[www.tradingview.com/pine-script-docs/en/v5/_images/LinesAndBoxes-CreatingLines-01.png]
[www.tradingview.com/pine-script-docs/en/v5/_images/LinesAndBoxes-CreatingLines-02.png]
[www.tradingview.com/pine-script-docs/en/v5/_images/LinesAndBoxes-ModifyingLines-01.png]
[www.tradingview.com/pine-script-docs/en/v5/_images/LinesAndBoxes-LineStyles-solid.png]
[www.tradingview.com/pine-script-docs/en/v5/_images/LinesAndBoxes-LineStyles-arrow_left.png]
[www.tradingview.com/pine-script-docs/en/v5/_images/LinesAndBoxes-LineStyles-dotted.png]
[www.tradingview.com/pine-script-docs/en/v5/_images/LinesAndBoxes-LineStyles-arrow_right.png]
[www.tradingview.com/pine-script-docs/en/v5/_images/LinesAndBoxes-LineStyles-dashed.png]
[www.tradingview.com/pine-script-docs/en/v5/_images/LinesAndBoxes-LineStyles-arrow_both.png]
[www.tradingview.com/pine-script-docs/en/v5/_images/LinesAndBoxes-DeletingLines-01.png]
[www.tradingview.com/pine-script-docs/en/v5/_images/LinesAndBoxes-CreatingBoxes-01.png]
[www.tradingview.com/pine-script-docs/en/v5/_images/LinesAndBoxes-ModifyingBoxes-01.png]
[www.tradingview.com/pine-script-docs/en/v5/_images/LinesAndBoxes-ModifyingBoxes-02.png]
[www.tradingview.com/pine-script-docs/en/v5/_images/LinesAndBoxes-BoxStyles-solid.png]
[www.tradingview.com/pine-script-docs/en/v5/_images/LinesAndBoxes-BoxStyles-dotted.png]
[www.tradingview.com/pine-script-docs/en/v5/_images/LinesAndBoxes-BoxStyles-dashed.png]
[www.tradingview.com/pine-script-docs/en/v5/_images/LinesAndBoxes-TotalNumberOfObjects-01.png]
[www.tradingview.com/pine-script-docs/en/v5/_images/LinesAndBoxes-Examples-PivotPointsStandard-01.png]
[www.tradingview.com/pine-script-docs/en/v5/_images/LinesAndBoxes-Examples-PivotPointsHighLow-01.png]
[www.tradingview.com/pine-script-docs/en/v5/_images/LinesAndBoxes-Examples-LinearRegression-01.png]
[www.tradingview.com/pine-script-docs/en/v5/_images/LinesAndBoxes-Examples-ZigZag-01.png]
[www.tradingview.com/pine-script-docs/en/v5/concepts/Lines_and_boxes.html]
[www.tradingview.com/pine-script-docs/en/v5/_images/NonStandardCharts-TickerHeikinAshi-01.png]
[www.tradingview.com/pine-script-docs/en/v5/_images/NonStandardCharts-TickerHeikinAshi-02.png]
[www.tradingview.com/pine-script-docs/en/v5/concepts/Non-standard_charts_data.html]
[www.tradingview.com/pine-script-docs/en/v5/_images/NonStandardCharts-TickerHeikinAshi-03.png]
[www.tradingview.com/pine-script-docs/en/v5/_images/Plots-Introduction-01.png]
[www.tradingview.com/pine-script-docs/en/v5/_images/Plots-Introduction-02.png]
[www.tradingview.com/pine-script-docs/en/v5/_images/Plots-PlottingConditionally-01.png]
[www.tradingview.com/pine-script-docs/en/v5/_images/Plots-PlottingConditionally-02.png]
[www.tradingview.com/pine-script-docs/en/v5/_images/Plots-Levels-01.png]
[www.tradingview.com/pine-script-docs/en/v5/_images/Plots-Offsets-01.png]
[www.tradingview.com/pine-script-docs/en/v5/_images/Plots-Scale-01.png]
[www.tradingview.com/pine-script-docs/en/v5/_images/Plots-Scale-02.png]
[www.tradingview.com/pine-script-docs/en/v5/_images/Plots-Scale-03.png]
[www.tradingview.com/pine-script-docs/en/v5/concepts/Plots.html]
[www.tradingview.com/pine-script-docs/en/v5/_images/Repainting-01.png]
[www.tradingview.com/pine-script-docs/en/v5/_images/Repainting-RepaintingRequestSecurityCalls-01.png]
[www.tradingview.com/pine-script-docs/en/v5/_images/Repainting-FutureLeakWithRequestSecurity-01.png]
[www.tradingview.com/pine-script-docs/en/v5/_images/Repainting-PlottingInThePast-01.png]
[www.tradingview.com/pine-script-docs/en/v5/concepts/Repainting.html]
[www.tradingview.com/pine-script-docs/en/v5/_images/Sessions-UsingSessionStrings-01.png]
[www.tradingview.com/pine-script-docs/en/v5/_images/Sessions-RegularAndExtendedSessions-01.png]
[www.tradingview.com/pine-script-docs/en/v5/_images/Sessions-RegularAndExtendedSessions-02.png]
[www.tradingview.com/pine-script-docs/en/v5/concepts/Sessions.html]
[www.tradingview.com/pine-script-docs/en/v5/_images/Strategies-Applying-a-strategy-to-a-chart-1.png]
[www.tradingview.com/pine-script-docs/en/v5/_images/Strategies-Applying-a-strategy-to-a-chart-2.png]
[www.tradingview.com/pine-script-docs/en/v5/_images/Strategies-Strategy-tester-Overview-1.png]
[www.tradingview.com/pine-script-docs/en/v5/_images/Strategies-Strategy-tester-Performance-summary-1.png]
[www.tradingview.com/pine-script-docs/en/v5/_images/Strategies-Strategy-tester-List-of-trades-1.png]
[www.tradingview.com/pine-script-docs/en/v5/_images/Strategies-Strategy-tester-Properties-1.png]
[www.tradingview.com/pine-script-docs/en/v5/_images/Strategies-Broker-emulator-1.png]
[www.tradingview.com/pine-script-docs/en/v5/_images/Strategies-Broker-emulator-Bar-magnifier-1.png]
[www.tradingview.com/pine-script-docs/en/v5/_images/Strategies-Broker-emulator-Bar-magnifier-2.png]
[www.tradingview.com/pine-script-docs/en/v5/_images/Strategies-Orders-and-entries-1.png]
[www.tradingview.com/pine-script-docs/en/v5/_images/Strategies-Orders-and-entries-Order-types-1.png]
[www.tradingview.com/pine-script-docs/en/v5/_images/Strategies-Orders-and-entries-Order-types-2.png]
[www.tradingview.com/pine-script-docs/en/v5/_images/Strategies-Orders-and-entries-Order-types-3.png]
[www.tradingview.com/pine-script-docs/en/v5/_images/Strategies-Orders-and-entries-Order-types-4.png]
[www.tradingview.com/pine-script-docs/en/v5/_images/Strategies-Orders-and-entries-Order-types-5.png]
[www.tradingview.com/pine-script-docs/en/v5/_images/Strategies-Orders-and-entries-Order-placement-commands-1.png]
[www.tradingview.com/pine-script-docs/en/v5/_images/Strategies-Orders-and-entries-Order-placement-commands-2.png]
[www.tradingview.com/pine-script-docs/en/v5/_images/Strategies-Orders-and-entries-Order-placement-commands-3.png]
[www.tradingview.com/pine-script-docs/en/v5/_images/Strategies-Orders-and-entries-Order-placement-commands-4.png]
[www.tradingview.com/pine-script-docs/en/v5/_images/Strategies-Orders-and-entries-Order-placement-commands-4a.png]
[www.tradingview.com/pine-script-docs/en/v5/_images/Strategies-Orders-and-entries-Order-placement-commands-5.png]
[www.tradingview.com/pine-script-docs/en/v5/_images/Strategies-Orders-and-entries-Order-placement-commands-5a.png]
[www.tradingview.com/pine-script-docs/en/v5/_images/Strategies-Orders-and-entries-Order-placement-commands-5b.png]
[www.tradingview.com/pine-script-docs/en/v5/_images/Strategies-Orders-and-entries-Order-placement-commands-6.png]
[www.tradingview.com/pine-script-docs/en/v5/_images/Strategies-Orders-and-entries-Order-placement-commands-7.png]
[www.tradingview.com/pine-script-docs/en/v5/_images/Strategies-Orders-and-entries-Order-placement-commands-8.png]
[www.tradingview.com/pine-script-docs/en/v5/_images/Strategies-Orders-and-entries-Order-placement-commands-9.png]
[www.tradingview.com/pine-script-docs/en/v5/_images/Strategies-Orders-and-entries-Order-placement-commands-10.png]
[www.tradingview.com/pine-script-docs/en/v5/_images/Strategies-Orders-and-entries-Order-placement-commands-11.png]
[www.tradingview.com/pine-script-docs/en/v5/_images/Strategies-Position-sizing-1.png]
[www.tradingview.com/pine-script-docs/en/v5/_images/Strategies-Position-sizing-2.png]
[www.tradingview.com/pine-script-docs/en/v5/_images/Strategies-Closing-a-market-position-1.png]
[www.tradingview.com/pine-script-docs/en/v5/_images/Strategies-Closing-a-market-position-2.png]
[www.tradingview.com/pine-script-docs/en/v5/_images/Strategies-OCA-groups-Strategy-oca-cancel-1.png]
[www.tradingview.com/pine-script-docs/en/v5/_images/Strategies-OCA-groups-Strategy-oca-cancel-2.png]
[www.tradingview.com/pine-script-docs/en/v5/_images/Strategies-OCA-groups-Strategy-oca-reduce-1.png]
[www.tradingview.com/pine-script-docs/en/v5/_images/Strategies-OCA-groups-Strategy-oca-reduce-2.png]
[www.tradingview.com/pine-script-docs/en/v5/_images/Strategies-Currency-1.png]
[www.tradingview.com/pine-script-docs/en/v5/_images/Strategies-Altering-calculation-behavior-Calc-on-every-tick-1.png]
[www.tradingview.com/pine-script-docs/en/v5/_images/Strategies-Altering-calculation-behavior-Calc-on-every-tick-2.png]
[www.tradingview.com/pine-script-docs/en/v5/_images/Strategies-Altering-calculation-behavior-Calc-on-order-fills-1.png]
[www.tradingview.com/pine-script-docs/en/v5/_images/Strategies-Altering-calculation-behavior-Calc-on-order-fills-2.png]
[www.tradingview.com/pine-script-docs/en/v5/_images/Strategies-Simulating-trading-costs-Commission-1.png]
[www.tradingview.com/pine-script-docs/en/v5/_images/Strategies-Simulating-trading-costs-Commission-2.png]
[www.tradingview.com/pine-script-docs/en/v5/_images/Strategies-Simulating-trading-costs-Slippage-and-unfilled-limits-1.png]
[www.tradingview.com/pine-script-docs/en/v5/_images/Strategies-Simulating-trading-costs-Slippage-and-unfilled-limits-2.png]
[www.tradingview.com/pine-script-docs/en/v5/_images/Strategies-Simulating-trading-costs-Slippage-and-unfilled-limits-3.png]
[www.tradingview.com/pine-script-docs/en/v5/_images/Strategies-Margin-1.png]
[www.tradingview.com/pine-script-docs/en/v5/_images/Strategies-Strategy-alerts-1.png]
[www.tradingview.com/pine-script-docs/en/v5/_images/Strategies-Strategy-alerts-2.png]
[www.tradingview.com/pine-script-docs/en/v5/concepts/Strategies.html]
[www.tradingview.com/pine-script-docs/en/v5/_images/Tables-ATR-1.png]
[www.tradingview.com/pine-script-docs/en/v5/_images/Tables-ATR-2.png]
[www.tradingview.com/pine-script-docs/en/v5/_images/Tables-DisplayPanel-1.png]
[www.tradingview.com/pine-script-docs/en/v5/_images/Tables-Heatmap-1.png]
[www.tradingview.com/pine-script-docs/en/v5/concepts/Tables.html]
[www.tradingview.com/pine-script-docs/en/v5/_images/TextAndShapes-Introduction-01.png]
[www.tradingview.com/pine-script-docs/en/v5/_images/TextAndShapes-Plotchar-01.png]
[www.tradingview.com/pine-script-docs/en/v5/_images/TextAndShapes-Plotchar-02.png]
[www.tradingview.com/pine-script-docs/en/v5/_images/TextAndShapes-Plotchar-03.png]
[www.tradingview.com/pine-script-docs/en/v5/_images/TextAndShapes-Plotshape-01.png]
[www.tradingview.com/pine-script-docs/en/v5/_images/TextAndShapes-Plotshape-02.png]
[www.tradingview.com/pine-script-docs/en/v5/_images/TextAndShapes-PlotshapeStyles-Xcross.png]
[www.tradingview.com/pine-script-docs/en/v5/_images/TextAndShapes-PlotshapeStyles-Xcross_with_text.png]
[www.tradingview.com/pine-script-docs/en/v5/_images/TextAndShapes-PlotshapeStyles-Arrowup.png]
[www.tradingview.com/pine-script-docs/en/v5/_images/TextAndShapes-PlotshapeStyles-Arrowup_with_text.png]
[www.tradingview.com/pine-script-docs/en/v5/_images/TextAndShapes-PlotshapeStyles-Cross.png]
[www.tradingview.com/pine-script-docs/en/v5/_images/TextAndShapes-PlotshapeStyles-Cross_with_text.png]
[www.tradingview.com/pine-script-docs/en/v5/_images/TextAndShapes-PlotshapeStyles-Arrowdown.png]
[www.tradingview.com/pine-script-docs/en/v5/_images/TextAndShapes-PlotshapeStyles-Arrowdown_with_text.png]
[www.tradingview.com/pine-script-docs/en/v5/_images/TextAndShapes-PlotshapeStyles-Circle.png]
[www.tradingview.com/pine-script-docs/en/v5/_images/TextAndShapes-PlotshapeStyles-Circle_with_text.png]
[www.tradingview.com/pine-script-docs/en/v5/_images/TextAndShapes-PlotshapeStyles-Square.png]
[www.tradingview.com/pine-script-docs/en/v5/_images/TextAndShapes-PlotshapeStyles-Square_with_text.png]
[www.tradingview.com/pine-script-docs/en/v5/_images/TextAndShapes-PlotshapeStyles-Triangleup.png]
[www.tradingview.com/pine-script-docs/en/v5/_images/TextAndShapes-PlotshapeStyles-Triangleup_with_text.png]
[www.tradingview.com/pine-script-docs/en/v5/_images/TextAndShapes-PlotshapeStyles-Diamond.png]
[www.tradingview.com/pine-script-docs/en/v5/_images/TextAndShapes-PlotshapeStyles-Diamond_with_text.png]
[www.tradingview.com/pine-script-docs/en/v5/_images/TextAndShapes-PlotshapeStyles-Triangledown.png]
[www.tradingview.com/pine-script-docs/en/v5/_images/TextAndShapes-PlotshapeStyles-Triangledown_with_text.png]
[www.tradingview.com/pine-script-docs/en/v5/_images/TextAndShapes-PlotshapeStyles-Labelup.png]
[www.tradingview.com/pine-script-docs/en/v5/_images/TextAndShapes-PlotshapeStyles-Labelup_with_text.png]
[www.tradingview.com/pine-script-docs/en/v5/_images/TextAndShapes-PlotshapeStyles-Flag.png]
[www.tradingview.com/pine-script-docs/en/v5/_images/TextAndShapes-PlotshapeStyles-Flag_with_text.png]
[www.tradingview.com/pine-script-docs/en/v5/_images/TextAndShapes-PlotshapeStyles-Labeldown.png]
[www.tradingview.com/pine-script-docs/en/v5/_images/TextAndShapes-PlotshapeStyles-Labeldown_with_text.png]
[www.tradingview.com/pine-script-docs/en/v5/_images/TextAndShapes-Plotarrow-01.png]
[www.tradingview.com/pine-script-docs/en/v5/_images/TextAndShapes-Plotarrow-02.png]
[www.tradingview.com/pine-script-docs/en/v5/_images/TextAndShapes-CreatingLabels-01.png]
[www.tradingview.com/pine-script-docs/en/v5/_images/TextAndShapes-CreatingLabels-02.png]
[www.tradingview.com/pine-script-docs/en/v5/_images/TextAndShapes-CreatingLabels-03.png]
[www.tradingview.com/pine-script-docs/en/v5/_images/TextAndShapes-LabelStyles-xcross.png]
[www.tradingview.com/pine-script-docs/en/v5/_images/TextAndShapes-LabelStyles-xcross_t.png]
[www.tradingview.com/pine-script-docs/en/v5/_images/TextAndShapes-LabelStyles-labelup.png]
[www.tradingview.com/pine-script-docs/en/v5/_images/TextAndShapes-LabelStyles-labelup_t.png]
[www.tradingview.com/pine-script-docs/en/v5/_images/TextAndShapes-LabelStyles-cross.png]
[www.tradingview.com/pine-script-docs/en/v5/_images/TextAndShapes-LabelStyles-cross_t.png]
[www.tradingview.com/pine-script-docs/en/v5/_images/TextAndShapes-LabelStyles-labeldown.png]
[www.tradingview.com/pine-script-docs/en/v5/_images/TextAndShapes-LabelStyles-labeldown_t.png]
[www.tradingview.com/pine-script-docs/en/v5/_images/TextAndShapes-LabelStyles-flag.png]
[www.tradingview.com/pine-script-docs/en/v5/_images/TextAndShapes-LabelStyles-flag_t.png]
[www.tradingview.com/pine-script-docs/en/v5/_images/TextAndShapes-LabelStyles-labelleft.png]
[www.tradingview.com/pine-script-docs/en/v5/_images/TextAndShapes-LabelStyles-labelleft_t.png]
[www.tradingview.com/pine-script-docs/en/v5/_images/TextAndShapes-LabelStyles-circle.png]
[www.tradingview.com/pine-script-docs/en/v5/_images/TextAndShapes-LabelStyles-circle_t.png]
[www.tradingview.com/pine-script-docs/en/v5/_images/TextAndShapes-LabelStyles-labelright.png]
[www.tradingview.com/pine-script-docs/en/v5/_images/TextAndShapes-LabelStyles-labelright_t.png]
[www.tradingview.com/pine-script-docs/en/v5/_images/TextAndShapes-LabelStyles-square.png]
[www.tradingview.com/pine-script-docs/en/v5/_images/TextAndShapes-LabelStyles-square_t.png]
[www.tradingview.com/pine-script-docs/en/v5/_images/TextAndShapes-LabelStyles-labellowerleft.png]
[www.tradingview.com/pine-script-docs/en/v5/_images/TextAndShapes-LabelStyles-labellowerleft_t.png]
[www.tradingview.com/pine-script-docs/en/v5/_images/TextAndShapes-LabelStyles-diamond.png]
[www.tradingview.com/pine-script-docs/en/v5/_images/TextAndShapes-LabelStyles-diamond_t.png]
[www.tradingview.com/pine-script-docs/en/v5/_images/TextAndShapes-LabelStyles-labellowerright.png]
[www.tradingview.com/pine-script-docs/en/v5/_images/TextAndShapes-LabelStyles-labellowerright_t.png]
[www.tradingview.com/pine-script-docs/en/v5/_images/TextAndShapes-LabelStyles-triangleup.png]
[www.tradingview.com/pine-script-docs/en/v5/_images/TextAndShapes-LabelStyles-triangleup_t.png]
[www.tradingview.com/pine-script-docs/en/v5/_images/TextAndShapes-LabelStyles-labelupperleft.png]
[www.tradingview.com/pine-script-docs/en/v5/_images/TextAndShapes-LabelStyles-labelupperleft_t.png]
[www.tradingview.com/pine-script-docs/en/v5/_images/TextAndShapes-LabelStyles-triangledown.png]
[www.tradingview.com/pine-script-docs/en/v5/_images/TextAndShapes-LabelStyles-triangledown_t.png]
[www.tradingview.com/pine-script-docs/en/v5/_images/TextAndShapes-LabelStyles-labelupperright.png]
[www.tradingview.com/pine-script-docs/en/v5/_images/TextAndShapes-LabelStyles-labelupperright_t.png]
[www.tradingview.com/pine-script-docs/en/v5/_images/TextAndShapes-LabelStyles-arrowup.png]
[www.tradingview.com/pine-script-docs/en/v5/_images/TextAndShapes-LabelStyles-arrowup_t.png]
[www.tradingview.com/pine-script-docs/en/v5/_images/TextAndShapes-LabelStyles-labelcenter.png]
[www.tradingview.com/pine-script-docs/en/v5/_images/TextAndShapes-LabelStyles-labelcenter_t.png]
[www.tradingview.com/pine-script-docs/en/v5/_images/TextAndShapes-LabelStyles-arrowdown.png]
[www.tradingview.com/pine-script-docs/en/v5/_images/TextAndShapes-LabelStyles-arrowdown_t.png]
[www.tradingview.com/pine-script-docs/en/v5/_images/TextAndShapes-LabelStyles-none_t.png]
[www.tradingview.com/pine-script-docs/en/v5/_images/TextAndShapes-DeletingLabels-01.png]
[www.tradingview.com/pine-script-docs/en/v5/concepts/Text_and_shapes.html]
[www.tradingview.com/pine-script-docs/en/v5/_images/Time-TimeZones-01.png]
[www.tradingview.com/pine-script-docs/en/v5/_images/Time-TimeZones-02.png]
[www.tradingview.com/pine-script-docs/en/v5/_images/Time-TimeAndTimeclose-01.png]
[www.tradingview.com/pine-script-docs/en/v5/_images/Time-CalendarDatesAndTimes-01.png]
[www.tradingview.com/pine-script-docs/en/v5/_images/Time-Time()AndTimeclose()-01.png]
[www.tradingview.com/pine-script-docs/en/v5/_images/Time-TestingForChangesInHTF-01.png]
[www.tradingview.com/pine-script-docs/en/v5/_images/Time-FormattingDatesAndTime-01.png]
[www.tradingview.com/pine-script-docs/en/v5/concepts/Time.html]
[www.tradingview.com/pine-script-docs/en/v5/concepts/Timeframes.html]
[www.tradingview.com/pine-script-docs/en/v5/writing/Style_guide.html]
[www.tradingview.com/pine-script-docs/en/v5/_images/Debugging-TheLayOfTheLand-1.png]
[www.tradingview.com/pine-script-docs/en/v5/_images/Debugging-DisplayingNumericValues-1.png]
[www.tradingview.com/pine-script-docs/en/v5/_images/Debugging-DisplayingNumericValues-2.png]
[www.tradingview.com/pine-script-docs/en/v5/_images/Debugging-DisplayingStrings-1.png]
[www.tradingview.com/pine-script-docs/en/v5/_images/Debugging-DisplayingStrings-2.png]
[www.tradingview.com/pine-script-docs/en/v5/_images/Debugging-DisplayingConditions-1.png]
[www.tradingview.com/pine-script-docs/en/v5/_images/Debugging-DisplayingConditions-2.png]
[www.tradingview.com/pine-script-docs/en/v5/_images/Debugging-DebuggingFromInsideFunctions-1.png]
[www.tradingview.com/pine-script-docs/en/v5/_images/Debugging-DebuggingFromInsideForLoops-1.png]
[www.tradingview.com/pine-script-docs/en/v5/_images/Debugging-DebuggingFromInsideForLoops-2.png]
[www.tradingview.com/pine-script-docs/en/v5/_images/Debugging-DebuggingFromInsideForLoops-3.png]
[www.tradingview.com/pine-script-docs/en/v5/writing/Debugging.html]
[www.tradingview.com/pine-script-docs/en/v5/_images/PublishingScripts-Access-1.png]
[www.tradingview.com/pine-script-docs/en/v5/_images/PublishingScripts-PreparingAPublication-1.png]
[www.tradingview.com/pine-script-docs/en/v5/_images/PublishingScripts-PreparingAPublication-2.png]
[www.tradingview.com/pine-script-docs/en/v5/_images/PublishingScripts-PreparingAPublication-3.png]
[www.tradingview.com/pine-script-docs/en/v5/_images/PublishingScripts-PreparingAPublication-4.png]
[www.tradingview.com/pine-script-docs/en/v5/_images/PublishingScripts-UpdatingAPublication-1.png]
[www.tradingview.com/pine-script-docs/en/v5/_images/PublishingScripts-UpdatingAPublication-2.png]
[www.tradingview.com/pine-script-docs/en/v5/writing/Publishing.html]
[www.tradingview.com/pine-script-docs/en/v5/_images/Limitations-LabelsWithNa-1.png]
[www.tradingview.com/pine-script-docs/en/v5/_images/Limitations-LabelsWithNa-2.png]
[www.tradingview.com/pine-script-docs/en/v5/writing/Limitations.html]
[www.tradingview.com/pine-script-docs/en/v5/_images/v4_to_v5_convert_button.png]
[www.tradingview.com/pine-script-docs/en/v5/_images/v5_autocomplete.png]
[www.tradingview.com/pine-script-docs/en/v5/migration_guides/To_Pine_version_5.html]
[www.tradingview.com/pine-script-docs/en/v5/_images/v3_to_v4_convert_button.png]
[www.tradingview.com/pine-script-docs/en/v5/migration_guides/To_Pine_version_4.html]
[www.tradingview.com/pine-script-docs/en/v5/_images/V3.png]
[www.tradingview.com/pine-script-docs/en/v5/migration_guides/To_Pine_version_3.html]
[www.tradingview.com/pine-script-docs/en/v5/_images/Test-GIF-01.gif]
[www.tradingview.com/pine-script-docs/en/v5/Tests.html]
[www.tradingview.com/pine-script-docs/en/v5/migration_guides/v4_to_v5_migration_guide.html]
[www.tradingview.com/pine-script-docs/en/v5/language/Declaration_statements.html]
[www.tradingview.com/pine-script-docs/en/v5/concepts/Repainting33f2.html]
[www.tradingview.com/pine-script-docs/en/v5/_images/OtherTimeframesAndData-Gaps-01.png]
[www.tradingview.com/pine-script-docs/en/v5/_images/OtherTimeframesAndData-IgnoreValidSymbol-01.png]
[www.tradingview.com/pine-script-docs/en/v5/_images/OtherTimeframesAndData-Lookahead-01.png]
[www.tradingview.com/pine-script-docs/en/v5/_images/OtherTimeframesAndData-RequestSecurity()-01.png]
[www.tradingview.com/pine-script-docs/en/v5/_images/OtherTimeframesAndData-RequestFinancial()-01.png]
[www.tradingview.com/pine-script-docs/en/v5/_images/OtherTimeframesAndData-RequestFinancial()-02.png]
[www.tradingview.com/pine-script-docs/en/v5/concepts/Other_timeframes_and_data.html]
[static.tradingview.com/static/bundles/92191.6563d97efc3339a1e518.css]
[static.tradingview.com/static/bundles/9817.5d0098bab0d2d4ea02e5.css]
[static.tradingview.com/static/bundles/53842.6a8a7842ee841f6d2cff.css]
[static.tradingview.com/static/bundles/4015.1d0e3a62a59d173c81f3.css]
[static.tradingview.com/static/bundles/32109.4d5de3fbde1cd7dc5e9f.css]
[static.tradingview.com/static/bundles/89842.2f8e5864b0d72a886373.css]
[static.tradingview.com/static/bundles/54712.a33c76f5549cc7102e61.css]
[static.tradingview.com/static/bundles/50293.721cbfb1a5d6784e3109.css]
[static.tradingview.com/static/bundles/92483.9f4d9f76923567bd1f04.css]
[static.tradingview.com/static/bundles/73151.e781272c79690a69d2bf.css]
[static.tradingview.com/static/bundles/29928.2340749bac9f8333ad8e.css]
[static.tradingview.com/static/bundles/67103.c7183a76dc0599de9f42.css]
[static.tradingview.com/static/bundles/54690.7401048db4e1840d727b.css]
[static.tradingview.com/static/bundles/icons.4d39018d0766cf7006bc.png]
[static.tradingview.com/static/bundles/linewidth-slider.8e3d0520d28ce8259ccf.png]
[static.tradingview.com/static/bundles/opacity-slider.4f3ca6b00b45fd71da5f.png]
[static.tradingview.com/static/bundles/large-slider-handle.18e9ee5923db4eac2c43.svg]
[static.tradingview.com/static/bundles/92349.e476ecbbeccd5be06d66.css]
[static.tradingview.com/static/bundles/42254.ee4dfd5b6ac223c2b907.css]
[static.tradingview.com/static/bundles/3436.1b851bfadd8aa0d18462.css]
[static.tradingview.com/static/bundles/47341.fd14e313b4fe488bd967.css]
[static.tradingview.com/static/bundles/select-bg.8abf7417b2912a52ea32.png]
[static.tradingview.com/static/bundles/11647.333251cf7f52c9e9e356.css]
[static.tradingview.com/static/bundles/90814.2ffaced788ea2ddcae36.css]
[static.tradingview.com/static/bundles/63221.31cd72b4ba71afdc525c.css]
[static.tradingview.com/static/bundles/33371.65523bcfe58b60112724.css]
[static.tradingview.com/static/bundles/6-months-free-background.ab75385c76fe14b7e7fd.svg]
[static.tradingview.com/static/bundles/35103.dcc8db7fa3fba51df704.css]
[static.tradingview.com/static/bundles/48373.6605e1e2288a4636ee0c.css]
[static.tradingview.com/static/bundles/85719.f1b2ae2626174da1a72f.css]
[static.tradingview.com/static/bundles/33534.2fcf1a86162fea10ff0a.css]
[static.tradingview.com/static/bundles/list.0c5e0ad6e4ae950b3423.svg]
[static.tradingview.com/static/bundles/35359.3107fae357e3a3172d7a.css]
[www.tradingview.com/pine-script-reference/v5/String(location.html]
[www.tradingview.com/pine-script-reference/v5/e.html]
[www.tradingview.com/pine-script-reference/v5/GET.html]
[www.tradingview.com/pine-script-reference/v5/tv-dstream.tradingview.html]
[static.tradingview.com/static/bundles/20941.219acfdd7ca7d343ff8e.css]
[static.tradingview.com/static/bundles/60689.1f0b419225a289f71065.css]
[www.tradingview.com/pine-script-docs/en/v5/_static/fonts/open-sans/fonts/OpenSans-Regular-webfont.eot]
[www.tradingview.com/pine-script-docs/en/v5/_static/fonts/open-sans/fonts/OpenSans-Regular-webfontd41d.eot]
[www.tradingview.com/pine-script-docs/en/v5/_static/fonts/open-sans/fonts/OpenSans-Regular-webfont.woff]
[www.tradingview.com/pine-script-docs/en/v5/_static/fonts/open-sans/fonts/OpenSans-Regular-webfont.ttf]
[www.tradingview.com/pine-script-docs/en/v5/_static/fonts/open-sans/fonts/OpenSans-Italic-webfont.eot]
[www.tradingview.com/pine-script-docs/en/v5/_static/fonts/open-sans/fonts/OpenSans-Italic-webfontd41d.eot]
[www.tradingview.com/pine-script-docs/en/v5/_static/fonts/open-sans/fonts/OpenSans-Italic-webfont.woff]
[www.tradingview.com/pine-script-docs/en/v5/_static/fonts/open-sans/fonts/OpenSans-Italic-webfont.ttf]
[www.tradingview.com/pine-script-docs/en/v5/_static/fonts/open-sans/fonts/OpenSans-Light-webfont.eot]
[www.tradingview.com/pine-script-docs/en/v5/_static/fonts/open-sans/fonts/OpenSans-Light-webfontd41d.eot]
[www.tradingview.com/pine-script-docs/en/v5/_static/fonts/open-sans/fonts/OpenSans-Light-webfont.woff]
[www.tradingview.com/pine-script-docs/en/v5/_static/fonts/open-sans/fonts/OpenSans-Light-webfont.ttf]
[www.tradingview.com/pine-script-docs/en/v5/_static/fonts/open-sans/fonts/OpenSans-LightItalic-webfont.eot]
[www.tradingview.com/pine-script-docs/en/v5/_static/fonts/open-sans/fonts/OpenSans-LightItalic-webfontd41d.eot]
[www.tradingview.com/pine-script-docs/en/v5/_static/fonts/open-sans/fonts/OpenSans-LightItalic-webfont.woff]
[www.tradingview.com/pine-script-docs/en/v5/_static/fonts/open-sans/fonts/OpenSans-LightItalic-webfont.ttf]
[www.tradingview.com/pine-script-docs/en/v5/_static/fonts/open-sans/fonts/OpenSans-Semibold-webfont.eot]
[www.tradingview.com/pine-script-docs/en/v5/_static/fonts/open-sans/fonts/OpenSans-Semibold-webfontd41d.eot]
[www.tradingview.com/pine-script-docs/en/v5/_static/fonts/open-sans/fonts/OpenSans-Semibold-webfont.woff]
[www.tradingview.com/pine-script-docs/en/v5/_static/fonts/open-sans/fonts/OpenSans-Semibold-webfont.ttf]
[www.tradingview.com/pine-script-docs/en/v5/_static/fonts/open-sans/fonts/OpenSans-SemiboldItalic-webfont.eot]
[www.tradingview.com/pine-script-docs/en/v5/_static/fonts/open-sans/fonts/OpenSans-SemiboldItalic-webfontd41d.eot]
[www.tradingview.com/pine-script-docs/en/v5/_static/fonts/open-sans/fonts/OpenSans-SemiboldItalic-webfont.woff]
[www.tradingview.com/pine-script-docs/en/v5/_static/fonts/open-sans/fonts/OpenSans-SemiboldItalic-webfont.ttf]
[www.tradingview.com/pine-script-docs/en/v5/_static/fonts/open-sans/fonts/OpenSans-Bold-webfont.eot]
[www.tradingview.com/pine-script-docs/en/v5/_static/fonts/open-sans/fonts/OpenSans-Bold-webfontd41d.eot]
[www.tradingview.com/pine-script-docs/en/v5/_static/fonts/open-sans/fonts/OpenSans-Bold-webfont.woff]
[www.tradingview.com/pine-script-docs/en/v5/_static/fonts/open-sans/fonts/OpenSans-Bold-webfont.ttf]
[www.tradingview.com/pine-script-docs/en/v5/_static/fonts/open-sans/fonts/OpenSans-BoldItalic-webfont.eot]
[www.tradingview.com/pine-script-docs/en/v5/_static/fonts/open-sans/fonts/OpenSans-BoldItalic-webfontd41d.eot]
[www.tradingview.com/pine-script-docs/en/v5/_static/fonts/open-sans/fonts/OpenSans-BoldItalic-webfont.woff]
[www.tradingview.com/pine-script-docs/en/v5/_static/fonts/open-sans/fonts/OpenSans-BoldItalic-webfont.ttf]
[www.tradingview.com/pine-script-docs/en/v5/_static/fonts/open-sans/fonts/OpenSans-ExtraBold-webfont.eot]
[www.tradingview.com/pine-script-docs/en/v5/_static/fonts/open-sans/fonts/OpenSans-ExtraBold-webfontd41d.eot]
[www.tradingview.com/pine-script-docs/en/v5/_static/fonts/open-sans/fonts/OpenSans-ExtraBold-webfont.woff]
[www.tradingview.com/pine-script-docs/en/v5/_static/fonts/open-sans/fonts/OpenSans-ExtraBold-webfont.ttf]
[www.tradingview.com/pine-script-docs/en/v5/_static/fonts/open-sans/fonts/OpenSans-ExtraBoldItalic-webfont.eot]
[www.tradingview.com/pine-script-docs/en/v5/_static/fonts/open-sans/fonts/OpenSans-ExtraBoldItalic-webfontd41d.eot]
[www.tradingview.com/pine-script-docs/en/v5/_static/fonts/open-sans/fonts/OpenSans-ExtraBoldItalic-webfont.woff]
[www.tradingview.com/pine-script-docs/en/v5/_static/fonts/open-sans/fonts/OpenSans-ExtraBoldItalic-webfont.ttf]
[www.tradingview.com/pine-script-docs/en/v5/_static/fonts/open-sans/stylesheet.css]
[www.tradingview.com/pine-script-docs/en/v5/_static/fonts/source-serif-pro/EOT/SourceSerifPro-ExtraLight.eot]
[www.tradingview.com/pine-script-docs/en/v5/_static/fonts/source-serif-pro/WOFF/OTF/SourceSerifPro-ExtraLight.otf.woff]
[www.tradingview.com/pine-script-docs/en/v5/_static/fonts/source-serif-pro/OTF/SourceSerifPro-ExtraLight.otf]
[www.tradingview.com/pine-script-docs/en/v5/_static/fonts/source-serif-pro/TTF/SourceSerifPro-ExtraLight.ttf]
[www.tradingview.com/pine-script-docs/en/v5/_static/fonts/source-serif-pro/EOT/SourceSerifPro-Light.eot]
[www.tradingview.com/pine-script-docs/en/v5/_static/fonts/source-serif-pro/WOFF/OTF/SourceSerifPro-Light.otf.woff]
[www.tradingview.com/pine-script-docs/en/v5/_static/fonts/source-serif-pro/OTF/SourceSerifPro-Light.otf]
[www.tradingview.com/pine-script-docs/en/v5/_static/fonts/source-serif-pro/TTF/SourceSerifPro-Light.ttf]
[www.tradingview.com/pine-script-docs/en/v5/_static/fonts/source-serif-pro/EOT/SourceSerifPro-Regular.eot]
[www.tradingview.com/pine-script-docs/en/v5/_static/fonts/source-serif-pro/WOFF/OTF/SourceSerifPro-Regular.otf.woff]
[www.tradingview.com/pine-script-docs/en/v5/_static/fonts/source-serif-pro/OTF/SourceSerifPro-Regular.otf]
[www.tradingview.com/pine-script-docs/en/v5/_static/fonts/source-serif-pro/TTF/SourceSerifPro-Regular.ttf]
[www.tradingview.com/pine-script-docs/en/v5/_static/fonts/source-serif-pro/EOT/SourceSerifPro-Semibold.eot]
[www.tradingview.com/pine-script-docs/en/v5/_static/fonts/source-serif-pro/WOFF/OTF/SourceSerifPro-Semibold.otf.woff]
[www.tradingview.com/pine-script-docs/en/v5/_static/fonts/source-serif-pro/OTF/SourceSerifPro-Semibold.otf]
[www.tradingview.com/pine-script-docs/en/v5/_static/fonts/source-serif-pro/TTF/SourceSerifPro-Semibold.ttf]
[www.tradingview.com/pine-script-docs/en/v5/_static/fonts/source-serif-pro/EOT/SourceSerifPro-Bold.eot]
[www.tradingview.com/pine-script-docs/en/v5/_static/fonts/source-serif-pro/WOFF/OTF/SourceSerifPro-Bold.otf.woff]
[www.tradingview.com/pine-script-docs/en/v5/_static/fonts/source-serif-pro/OTF/SourceSerifPro-Bold.otf]
[www.tradingview.com/pine-script-docs/en/v5/_static/fonts/source-serif-pro/TTF/SourceSerifPro-Bold.ttf]
[www.tradingview.com/pine-script-docs/en/v5/_static/fonts/source-serif-pro/EOT/SourceSerifPro-Black.eot]
[www.tradingview.com/pine-script-docs/en/v5/_static/fonts/source-serif-pro/WOFF/OTF/SourceSerifPro-Black.otf.woff]
[www.tradingview.com/pine-script-docs/en/v5/_static/fonts/source-serif-pro/OTF/SourceSerifPro-Black.otf]
[www.tradingview.com/pine-script-docs/en/v5/_static/fonts/source-serif-pro/TTF/SourceSerifPro-Black.ttf]
[www.tradingview.com/pine-script-docs/en/v5/_static/fonts/source-serif-pro/source-serif-pro.css]
[www.tradingview.com/pine-script-docs/en/v5/_static/fonts/glyphicons-halflings-regular.eot]
[www.tradingview.com/pine-script-docs/en/v5/_static/fonts/glyphicons-halflings-regulard41d.eot]
[www.tradingview.com/pine-script-docs/en/v5/_static/fonts/glyphicons-halflings-regular.woff]
[www.tradingview.com/pine-script-docs/en/v5/_static/fonts/glyphicons-halflings-regular.ttf]
[www.tradingview.com/pine-script-docs/en/v5/_static/css/bootstrap.min.css]
[www.tradingview.com/pine-script-docs/en/v5/_static/css/bootstrap-theme.min.css]
[www.tradingview.com/pine-script-docs/en/v5/_static/file.png]
[www.tradingview.com/pine-script-docs/en/v5/_static/guzzle.css]
[www.tradingview.com/pine-script-docs/en/v5/_static/pygments.css]
[www.tradingview.com/pine-script-docs/en/v5/_static/custom.css]
[www.tradingview.com/pine-script-docs/en/v5/_static/searchtools.js]
[www.tradingview.com/pine-script-docs/en/v5/searchindex.js]
[www.tradingview.com/pine-script-docs/en/v5/search.html]
[www.tradingview.com/pine-script-docs/en/v5/index-2.html]
[www.tradingview.com/pine-script-docs/en/v5/_images/Matrices-Declaring-a-matrix-Using-var-and-varip-keywords-1.png]
[www.tradingview.com/pine-script-docs/en/v5/_images/Matrices-Reading-and-writing-matrix-elements-1.png]
[www.tradingview.com/pine-script-docs/en/v5/_images/Matrices-Reading-and-writing-matrix-elements-2.png]
[www.tradingview.com/pine-script-docs/en/v5/_images/Matrices-Rows-and-columns-Retrieving-1.png]
[www.tradingview.com/pine-script-docs/en/v5/_images/Matrices-Rows-and-columns-Retrieving-2.png]
[www.tradingview.com/pine-script-docs/en/v5/_images/Matrices-Rows-and-columns-Inserting-1.png]
[www.tradingview.com/pine-script-docs/en/v5/_images/Matrices-Rows-and-columns-Removing-1.png]
[www.tradingview.com/pine-script-docs/en/v5/_images/Matrices-Rows-and-columns-Swapping-1.png]
[www.tradingview.com/pine-script-docs/en/v5/_images/Matrices-Rows-and-columns-Replacing-1.png]
[www.tradingview.com/pine-script-docs/en/v5/_images/Matrices-Looping-through-a-matrix-For-1.png]
[www.tradingview.com/pine-script-docs/en/v5/_images/Matrices-Looping-through-a-matrix-For-in-1.png]
[www.tradingview.com/pine-script-docs/en/v5/_images/Matrices-Copying-a-matrix-Shallow-copies-1.png]
[www.tradingview.com/pine-script-docs/en/v5/_images/Matrices-Copying-a-matrix-Shallow-copies-2.png]
[www.tradingview.com/pine-script-docs/en/v5/_images/Matrices-Copying-a-matrix-Deep-copies-1.png]
[www.tradingview.com/pine-script-docs/en/v5/_images/Matrices-Copying-a-matrix-Submatrices-1.png]
[www.tradingview.com/pine-script-docs/en/v5/_images/Matrices-Scope-and-history-1.png]
[www.tradingview.com/pine-script-docs/en/v5/_images/Matrices-Inspecting-a-matrix-1.png]
[www.tradingview.com/pine-script-docs/en/v5/_images/Matrices-Manipulating-a-matrix-Reshaping-1.png]
[www.tradingview.com/pine-script-docs/en/v5/_images/Matrices-Manipulating-a-matrix-Reversing-1.png]
[www.tradingview.com/pine-script-docs/en/v5/_images/Matrices-Manipulating-a-matrix-Transposing-1.png]
[www.tradingview.com/pine-script-docs/en/v5/_images/Matrices-Manipulating-a-matrix-Sorting-1.png]
[www.tradingview.com/pine-script-docs/en/v5/_images/Matrices-Manipulating-a-matrix-Sorting-2.png]
[www.tradingview.com/pine-script-docs/en/v5/_images/Matrices-Manipulating-a-matrix-Concatenating-1.png]
[www.tradingview.com/pine-script-docs/en/v5/_images/Matrices-Matrix-calculations-Element-wise-calculations-1.png]
[www.tradingview.com/pine-script-docs/en/v5/_images/Matrices-Matrix-calculations-Special-calculations-1.png]
[www.tradingview.com/pine-script-docs/en/v5/_images/Matrices-Matrix-calculations-Special-calculations-2.png]
[www.tradingview.com/pine-script-docs/en/v5/_images/Matrices-Matrix-calculations-Special-calculations-3.png]
[www.tradingview.com/pine-script-docs/en/v5/_images/Matrices-Matrix-calculations-Special-calculations-4.png]
[www.tradingview.com/pine-script-docs/en/v5/_images/Matrices-Matrix-calculations-Special-calculations-5.png]
[www.tradingview.com/pine-script-docs/en/v5/language/Matrices.html]
[www.tradingview.com/pine-script-docs/en/v5/_images/Maps-Declaring-a-map-Using-var-and-varip-keywords-1.png]
[www.tradingview.com/pine-script-docs/en/v5/_images/Maps-Reading-and-writing-Putting-and-getting-key-value-pairs-1.png]
[www.tradingview.com/pine-script-docs/en/v5/_images/Maps-Reading-and-writing-Putting-and-getting-key-value-pairs-2.png]
[www.tradingview.com/pine-script-docs/en/v5/_images/Maps-Reading-and-writing-Inspecting-keys-and-values-1.png]
[www.tradingview.com/pine-script-docs/en/v5/_images/Maps-Reading-and-writing-Inspecting-keys-and-values-2.png]
[www.tradingview.com/pine-script-docs/en/v5/_images/Maps-Reading-and-writing-Inspecting-keys-and-values-3.png]
[www.tradingview.com/pine-script-docs/en/v5/_images/Maps-Reading-and-writing-Removing-key-value-pairs-1.png]
[www.tradingview.com/pine-script-docs/en/v5/_images/Maps-Reading-and-writing-Combining-maps-1.png]
[www.tradingview.com/pine-script-docs/en/v5/_images/Maps-Looping-through-a-map-1.png]
[www.tradingview.com/pine-script-docs/en/v5/_images/Maps-Copying-a-map-Shallow-copies-1.png]
[www.tradingview.com/pine-script-docs/en/v5/_images/Maps-Copying-a-map-Deep-copies-1.png]
[www.tradingview.com/pine-script-docs/en/v5/_images/Maps-Scope-and-history-1.png]
[www.tradingview.com/pine-script-docs/en/v5/_images/Maps-Maps-of-other-collections-1.png]
[www.tradingview.com/pine-script-docs/en/v5/language/Maps.html]
[www.tradingview.com/pine-script-docs/en/v5/_images/TradingView-Logo-Block.svg]
[www.tradingview.com/pine-script-docs/en/v5/_images/Pine-script-logo.svg]
[www.tradingview.com/pine-script-docs/en/v5/_images/Advanced.svg]
[www.tradingview.com/pine-script-docs/en/v5/_images/Pine_Script_logo.svg]
[static.tradingview.com/static/bundles/large-slider-handle.18e9ee5923db4eac2c43.svg]
[static.tradingview.com/static/bundles/arrow-strategy-up.ed2ed00e25deb7f61f68.svg]
[static.tradingview.com/static/bundles/arrow-strategy-up.28f3f63175901bd9ee55.svg]
[static.tradingview.com/static/bundles/arrow-strategy-up.de27811948292cec8d6e.svg]
[static.tradingview.com/static/bundles/arrow-strategy-down.9b01142d15138343464f.svg]
[static.tradingview.com/static/bundles/arrow-strategy-down.7448668c983db1a122ce.svg]
[static.tradingview.com/static/bundles/arrow-strategy-down.ddc2f9f61f72807913e0.svg]
[static.tradingview.com/static/bundles/6-months-free-background.ab75385c76fe14b7e7fd.svg]
[static.tradingview.com/static/bundles/list.0c5e0ad6e4ae950b3423.svg]
[static.tradingview.com/static/bundles/cross.0a9abda344933b9d822f.svg]
[www.tradingview.com/pine-script-docs/en/v5/_static/fonts/open-sans/fonts/OpenSans-Regular-webfont.svg]
[www.tradingview.com/pine-script-docs/en/v5/_static/fonts/open-sans/fonts/OpenSans-Italic-webfont.svg]
[www.tradingview.com/pine-script-docs/en/v5/_static/fonts/open-sans/fonts/OpenSans-Light-webfont.svg]
[www.tradingview.com/pine-script-docs/en/v5/_static/fonts/open-sans/fonts/OpenSans-LightItalic-webfont.svg]
[www.tradingview.com/pine-script-docs/en/v5/_static/fonts/open-sans/fonts/OpenSans-Semibold-webfont.svg]
[www.tradingview.com/pine-script-docs/en/v5/_static/fonts/open-sans/fonts/OpenSans-SemiboldItalic-webfont.svg]
[www.tradingview.com/pine-script-docs/en/v5/_static/fonts/open-sans/fonts/OpenSans-Bold-webfont.svg]
[www.tradingview.com/pine-script-docs/en/v5/_static/fonts/open-sans/fonts/OpenSans-BoldItalic-webfont.svg]
[www.tradingview.com/pine-script-docs/en/v5/_static/fonts/open-sans/fonts/OpenSans-ExtraBold-webfont.svg]
[www.tradingview.com/pine-script-docs/en/v5/_static/fonts/open-sans/fonts/OpenSans-ExtraBoldItalic-webfont.svg]
[www.tradingview.com/pine-script-docs/en/v5/_static/fonts/glyphicons-halflings-regular.svg]
